[HPM] Proxy created: /  -> http://localhost:8080
[HPM] Proxy created: /  -> http://localhost:8080
(node:8624) [DEP_WEBPACK_DEV_SERVER_ON_AFTER_SETUP_MIDDLEWARE] DeprecationWarning: 'onAfterSetupMiddleware' option is deprecated. Please use the 'setupMiddlewares' option.
(Use `node --trace-deprecation ...` to show where the warning was created)
(node:8624) [DEP_WEBPACK_DEV_SERVER_ON_BEFORE_SETUP_MIDDLEWARE] DeprecationWarning: 'onBeforeSetupMiddleware' option is deprecated. Please use the 'setupMiddlewares' option.
Starting the development server...

Compiled with warnings.

[eslint] 
src\components\InfoHoverCard.tsx
  Line 72:6:  React Hook useEffect has a missing dependency: 'place'. Either include it or remove the dependency array  react-hooks/exhaustive-deps

src\pages\SSLAnalysis.tsx
  Line 58:10:  'gradeLabel' is defined but never used                                                                                                               @typescript-eslint/no-unused-vars
  Line 72:6:   'SourceName' is defined but never used                                                                                                               @typescript-eslint/no-unused-vars
  Line 442:6:  React Hook useEffect has missing dependencies: 'domain', 'initialDomain', and 'loadHistoryScan'. Either include them or remove the dependency array  react-hooks/exhaustive-deps

src\pages\Vulnerabilities.tsx
  Line 1221:55:  Unnecessary escape character: \-  no-useless-escape

Search for the keywords to learn more about each warning.
To ignore, add // eslint-disable-next-line to the line before.

[1m[33mWARNING[39m[22m in [1m[eslint] 
src\components\InfoHoverCard.tsx
  Line 72:6:  React Hook useEffect has a missing dependency: 'place'. Either include it or remove the dependency array  react-hooks/exhaustive-deps

src\pages\SSLAnalysis.tsx
  Line 58:10:  'gradeLabel' is defined but never used                                                                                                               @typescript-eslint/no-unused-vars
  Line 72:6:   'SourceName' is defined but never used                                                                                                               @typescript-eslint/no-unused-vars
  Line 442:6:  React Hook useEffect has missing dependencies: 'domain', 'initialDomain', and 'loadHistoryScan'. Either include them or remove the dependency array  react-hooks/exhaustive-deps

src\pages\Vulnerabilities.tsx
  Line 1221:55:  Unnecessary escape character: \-  no-useless-escape

[39m[22m

webpack compiled with [1m[33m1 warning[39m[22m
No issues found.
(node:8624) [DEP0060] DeprecationWarning: The `util._extend` API is deprecated. Please use Object.assign() instead.
[HPM] Error occurred while proxying request localhost:3000/api/notifications to http://localhost:8080/ [ECONNREFUSED] (https://nodejs.org/api/errors.html#errors_common_system_errors)
[HPM] Error occurred while proxying request localhost:3000/api/notifications/unread-count to http://localhost:8080/ [ECONNREFUSED] (https://nodejs.org/api/errors.html#errors_common_system_errors)
[HPM] Error occurred while proxying request localhost:3000/api/assistant/status to http://localhost:8080/ [ECONNREFUSED] (https://nodejs.org/api/errors.html#errors_common_system_errors)
[HPM] Error occurred while proxying request localhost:3000/api/notifications to http://localhost:8080/ [ECONNREFUSED] (https://nodejs.org/api/errors.html#errors_common_system_errors)
[HPM] Error occurred while proxying request localhost:3000/api/notifications/unread-count to http://localhost:8080/ [ECONNREFUSED] (https://nodejs.org/api/errors.html#errors_common_system_errors)
[HPM] Error occurred while proxying request localhost:3000/api/assistant/status to http://localhost:8080/ [ECONNREFUSED] (https://nodejs.org/api/errors.html#errors_common_system_errors)
[HPM] Error occurred while proxying request localhost:3000/api/notifications to http://localhost:8080/ [ECONNREFUSED] (https://nodejs.org/api/errors.html#errors_common_system_errors)
[HPM] Error occurred while proxying request localhost:3000/api/notifications/unread-count to http://localhost:8080/ [ECONNREFUSED] (https://nodejs.org/api/errors.html#errors_common_system_errors)
Compiling...
Compiled with warnings.

[eslint] 
src\components\InfoHoverCard.tsx
  Line 72:6:  React Hook useEffect has a missing dependency: 'place'. Either include it or remove the dependency array  react-hooks/exhaustive-deps

src\pages\SSLAnalysis.tsx
  Line 58:10:  'gradeLabel' is defined but never used                                                                                                               @typescript-eslint/no-unused-vars
  Line 72:6:   'SourceName' is defined but never used                                                                                                               @typescript-eslint/no-unused-vars
  Line 442:6:  React Hook useEffect has missing dependencies: 'domain', 'initialDomain', and 'loadHistoryScan'. Either include them or remove the dependency array  react-hooks/exhaustive-deps

src\pages\Vulnerabilities.tsx
  Line 1221:55:  Unnecessary escape character: \-  no-useless-escape

Search for the keywords to learn more about each warning.
To ignore, add // eslint-disable-next-line to the line before.

[1m[33mWARNING[39m[22m in [1m[eslint] 
src\components\InfoHoverCard.tsx
  Line 72:6:  React Hook useEffect has a missing dependency: 'place'. Either include it or remove the dependency array  react-hooks/exhaustive-deps

src\pages\SSLAnalysis.tsx
  Line 58:10:  'gradeLabel' is defined but never used                                                                                                               @typescript-eslint/no-unused-vars
  Line 72:6:   'SourceName' is defined but never used                                                                                                               @typescript-eslint/no-unused-vars
  Line 442:6:  React Hook useEffect has missing dependencies: 'domain', 'initialDomain', and 'loadHistoryScan'. Either include them or remove the dependency array  react-hooks/exhaustive-deps

src\pages\Vulnerabilities.tsx
  Line 1221:55:  Unnecessary escape character: \-  no-useless-escape

[39m[22m

webpack compiled with [1m[33m1 warning[39m[22m
Compiling...
No issues found.
Compiled with warnings.

[eslint] 
src\components\InfoHoverCard.tsx
  Line 72:6:  React Hook useEffect has a missing dependency: 'place'. Either include it or remove the dependency array  react-hooks/exhaustive-deps

src\pages\SSLAnalysis.tsx
  Line 58:10:  'gradeLabel' is defined but never used                                                                                                               @typescript-eslint/no-unused-vars
  Line 72:6:   'SourceName' is defined but never used                                                                                                               @typescript-eslint/no-unused-vars
  Line 442:6:  React Hook useEffect has missing dependencies: 'domain', 'initialDomain', and 'loadHistoryScan'. Either include them or remove the dependency array  react-hooks/exhaustive-deps

src\pages\Vulnerabilities.tsx
  Line 1221:55:  Unnecessary escape character: \-  no-useless-escape

Search for the keywords to learn more about each warning.
To ignore, add // eslint-disable-next-line to the line before.

[1m[33mWARNING[39m[22m in [1m[eslint] 
src\components\InfoHoverCard.tsx
  Line 72:6:  React Hook useEffect has a missing dependency: 'place'. Either include it or remove the dependency array  react-hooks/exhaustive-deps

src\pages\SSLAnalysis.tsx
  Line 58:10:  'gradeLabel' is defined but never used                                                                                                               @typescript-eslint/no-unused-vars
  Line 72:6:   'SourceName' is defined but never used                                                                                                               @typescript-eslint/no-unused-vars
  Line 442:6:  React Hook useEffect has missing dependencies: 'domain', 'initialDomain', and 'loadHistoryScan'. Either include them or remove the dependency array  react-hooks/exhaustive-deps

src\pages\Vulnerabilities.tsx
  Line 1221:55:  Unnecessary escape character: \-  no-useless-escape

[39m[22m

webpack compiled with [1m[33m1 warning[39m[22m
No issues found.
