               
               
┌─────────────┐
│ Scan Status │
└─────────────┘
  Scanning 45 files tracked by git with 1059 Code rules:
                                                                                                                        
  Language      Rules   Files          Origin      Rules                                                                
 ─────────────────────────────        ───────────────────                                                               
  <multilang>      60      45          Community    1059                                                                
  php              38       6                                                                                           
  html              1       3                                                                                           
  yaml             31       1                                                                                           
                                                                                                                        
                
                
┌──────────────┐
│ Scan Summary │
└──────────────┘
✅ Scan completed successfully.
 • Findings: 9 (9 blocking)
 • Rules run: 129
 • Targets scanned: 45
 • Parsed lines: ~100.0%
 • Scan skipped: 
   ◦ Files larger than  files 1.0 MB: 12
 • Scan was limited to files tracked by git
 • For a detailed list of skipped files and lines, run semgrep with the --verbose flag
Ran 129 rules on 45 files: 9 findings.

A new version of Semgrep is available. See https://semgrep.dev/docs/upgrading
