               
               
┌─────────────┐
│ Scan Status │
└─────────────┘
  Scanning 45 files tracked by git with 544 Code rules:
                                                                                                                        
  Language      Rules   Files          Origin      Rules                                                                
 ─────────────────────────────        ───────────────────                                                               
  <multilang>       6      45          Community     544                                                                
  php              22       6                                                                                           
  html              1       3                                                                                           
  yaml             19       1                                                                                           
                                                                                                                        
                
                
┌──────────────┐
│ Scan Summary │
└──────────────┘
✅ Scan completed successfully.
 • Findings: 1 (1 blocking)
 • Rules run: 48
 • Targets scanned: 45
 • Parsed lines: ~100.0%
 • Scan skipped: 
   ◦ Files larger than  files 1.0 MB: 12
 • Scan was limited to files tracked by git
 • For a detailed list of skipped files and lines, run semgrep with the --verbose flag
Ran 48 rules on 45 files: 1 finding.

A new version of Semgrep is available. See https://semgrep.dev/docs/upgrading
